// Jest Snapshot v1, https://goo.gl/fbAQLP

exports[`should render header component 1`] = `
<div>
  dashboard content
</div>
`;
