// Jest Snapshot v1, https://goo.gl/fbAQLP

exports[`should correctly render LoginPage 1`] = `
<div
  className="box-layout"
>
  <div
    className="box-layout__box"
  >
    <h1
      className="box-layout__title"
    >
      boilerplate
    </h1>
    <p
      className="box-layout__subtitle"
    >
      blurb for app
    </p>
    <button
      className="button"
      onClick={[MockFunction]}
    >
      Login with Google
    </button>
  </div>
</div>
`;
